[h-area.torbara.com/index04b9.html]
[backblue.gif]
[fade.gif]
[index.html]
[h-area.torbara.com/favicon.ico]
[h-area.torbara.com/home1.html]
[h-area.torbara.com/images/logo.png]
[h-area.torbara.com/home2.html]
[h-area.torbara.com/home3.html]
[h-area.torbara.com/css-min/area.min.css]
[h-area.torbara.com/home4.html]
[h-area.torbara.com/home5.html]
[h-area.torbara.com/intro_page.html]
[h-area.torbara.com/home7.html]
[h-area.torbara.com/home8.html]
[h-area.torbara.com/listing_sidebar_standart.html]
[h-area.torbara.com/listings_sidebar_grid.html]
[h-area.torbara.com/listings_half_screen_table.html]
[h-area.torbara.com/single_property_1.html]
[h-area.torbara.com/single_property_sub_property.html]
[h-area.torbara.com/compare_page.html]
[h-area.torbara.com/agencies.html]
[h-area.torbara.com/single_agency.html]
[h-area.torbara.com/single_agency_fullscreen.html]
[h-area.torbara.com/agents.html]
[h-area.torbara.com/agent_grid_fs.html]
[h-area.torbara.com/single_agent.html]
[h-area.torbara.com/single_agent_fullscreen.html]
[h-area.torbara.com/blog_archive.html]
[h-area.torbara.com/blog_single_post.html]
[h-area.torbara.com/faq_page.html]
[h-area.torbara.com/single_question_page.html]
[h-area.torbara.com/account.html]
[h-area.torbara.com/contacts2_page.html]
[h-area.torbara.com/contacts_page.html]
[h-area.torbara.com/coming_soon.html]
[h-area.torbara.com/error_page.html]
[h-area.torbara.com/maintenance.html]
[h-area.torbara.com/images/sign-in.png]
[h-area.torbara.com/images/property_slider_first_slide.png]
[h-area.torbara.com/images/userpic.png]
[h-area.torbara.com/images/image.png]
[h-area.torbara.com/images/region-flag.png]
[h-area.torbara.com/images/agent.png]
[h-area.torbara.com/images/post-image.png]
[h-area.torbara.com/js/library/jquery.js]
[h-area.torbara.com/js/library/bootstrap.js]
[h-area.torbara.com/js/library/markerclusterer.js]
[h-area.torbara.com/js/library/jquery.mousewheel.js]
[h-area.torbara.com/js/library/ion.rangeSlider.min.js]
[h-area.torbara.com/js/library/owl.carousel.js]
[h-area.torbara.com/js/library/microplugin.js]
[h-area.torbara.com/js/library/sifter.js]
[h-area.torbara.com/js/library/chartist.min.js]
[h-area.torbara.com/js/library/module.js]
[h-area.torbara.com/js/library/hotkeys.js]
[h-area.torbara.com/js/library/uploader.js]
[h-area.torbara.com/js/library/progressbar.js]
[h-area.torbara.com/js/library/selectize.js]
[h-area.torbara.com/js/rangeslider.js]
[h-area.torbara.com/js/agent_slider.js]
[h-area.torbara.com/js/post_slider.js]
[h-area.torbara.com/js/property_carousel.js]
[h-area.torbara.com/js/partner_carousel.js]
[h-area.torbara.com/js/agents_carousel.js]
[h-area.torbara.com/js/counters.js]
[h-area.torbara.com/js/library/simditor.js]
[h-area.torbara.com/js/slider_text.js]
[h-area.torbara.com/js/pageviews_chart.js]
[h-area.torbara.com/js/search_form.js]
[h-area.torbara.com/js/search_form_slider.js]
[h-area.torbara.com/js/count_checker.js]
[h-area.torbara.com/js/form_toggle.js]
[h-area.torbara.com/js/featured_carousel.js]
[h-area.torbara.com/js/one_element_slider.js]
[h-area.torbara.com/js/accordion.js]
[h-area.torbara.com/js/partners_small.js]
[h-area.torbara.com/js/intro_page.js]
[h-area.torbara.com/js/map_component.js]
[h-area.torbara.com/js/header.js]
[h-area.torbara.com/js/property_slider.js]
[h-area.torbara.com/js/visible.js]
[h-area.torbara.com/js/coming-soon.js]
[h-area.torbara.com/js/rate_article.js]
[h-area.torbara.com/js/service-page-size.js]
[h-area.torbara.com/js/preloader.js]
[h-area.torbara.com/js/clear_form.js]
[h-area.torbara.com/js/property_gallery.js]
[h-area.torbara.com/js/area_tabs.js]
[h-area.torbara.com/js/testimonials.js]
[h-area.torbara.com/js/sign_in.js]
[h-area.torbara.com/js/account_page.js]
[h-area.torbara.com/js/chat_component.js]
[h-area.torbara.com/js/account_chart.js]
[h-area.torbara.com/js/account_component.js]
[h-area.torbara.com/js/text_editor.js]
[h-area.torbara.com/index04b9.html]
[h-area.torbara.com/js/main.js]
[h-area.torbara.com/fonts/glyphicons-halflings-regular.eot]
[h-area.torbara.com/fonts/glyphicons-halflings-regular.woff]
[h-area.torbara.com/fonts/glyphicons-halflings-regulard41d.eot]
[h-area.torbara.com/fonts/glyphicons-halflings-regular.ttf]
[h-area.torbara.com/fonts/fontawesome-webfont3e6e.eot]
[h-area.torbara.com/fonts/fontawesome-webfontd41d.eot]
[h-area.torbara.com/fonts/fontawesome-webfont3e6e.woff]
[h-area.torbara.com/fonts/fontawesome-webfont3e6e.ttf]
[h-area.torbara.com/fonts/materialdesignicons-webfont5ba3.eot]
[h-area.torbara.com/fonts/materialdesignicons-webfontd41d.eot]
[h-area.torbara.com/fonts/materialdesignicons-webfont5ba3.woff]
[h-area.torbara.com/fonts/materialdesignicons-webfont5ba3.ttf]
[h-area.torbara.com/css-min/area.min.css]
[h-area.torbara.com/home1.html]
[h-area.torbara.com/images/standart-grid-image.png]
[h-area.torbara.com/images/partner-logo.png]
[h-area.torbara.com/home2.html]
[h-area.torbara.com/images/property-img.png]
[h-area.torbara.com/images/agent-avatar.png]
[h-area.torbara.com/home3.html]
[h-area.torbara.com/home4.html]
[h-area.torbara.com/home5.html]
[h-area.torbara.com/images/logo-light.png]
[h-area.torbara.com/intro_page.html]
[h-area.torbara.com/home7.html]
[h-area.torbara.com/home8.html]
[h-area.torbara.com/images/mask.png]
[h-area.torbara.com/listing_sidebar_standart.html]
[h-area.torbara.com/listings_sidebar_grid.html]
[h-area.torbara.com/listings_half_screen_table.html]
[h-area.torbara.com/images/plan-2.png]
[h-area.torbara.com/images/blog_img.png]
[h-area.torbara.com/single_property_1.html]
[h-area.torbara.com/single_property_sub_property.html]
[h-area.torbara.com/compare_page.html]
[h-area.torbara.com/agencies.html]
[h-area.torbara.com/images/agency_logo.png]
[h-area.torbara.com/single_agency.html]
[h-area.torbara.com/images/agency-title.png]
[h-area.torbara.com/single_agency_fullscreen.html]
[h-area.torbara.com/images/userpicbig.png]
[h-area.torbara.com/agents.html]
[h-area.torbara.com/agent_grid_fs.html]
[h-area.torbara.com/single_agent.html]
[h-area.torbara.com/single_agent_fullscreen.html]
[h-area.torbara.com/blog_archive.html]
[h-area.torbara.com/blog_single_post.html]
[h-area.torbara.com/faq_page.html]
[h-area.torbara.com/single_question_page.html]
[h-area.torbara.com/images/no-msg.png]
[h-area.torbara.com/images/mastercard.png]
[h-area.torbara.com/images/paypal.png]
[h-area.torbara.com/images/visa.png]
[h-area.torbara.com/account.html]
[h-area.torbara.com/contacts2_page.html]
[h-area.torbara.com/contacts_page.html]
[h-area.torbara.com/images/logo-small.png]
[h-area.torbara.com/coming_soon.html]
[h-area.torbara.com/error_page.html]
[h-area.torbara.com/maintenance.html]
[h-area.torbara.com/fonts/glyphicons-halflings-regular.html]
[h-area.torbara.com/fonts/glyphicons-halflings-regular.svg]
[h-area.torbara.com/fonts/fontawesome-webfont3e6e.html]
[h-area.torbara.com/fonts/fontawesome-webfont3e6e.svg]
[h-area.torbara.com/fonts/materialdesignicons-webfont5ba3.html]
[h-area.torbara.com/fonts/materialdesignicons-webfont5ba3.svg]
[h-area.torbara.com/css-min/owl.video.play.html]
[h-area.torbara.com/images/error_page.svg]
[h-area.torbara.com/images/maintenance.svg]
